// Jest Snapshot v1, https://goo.gl/fbAQLP

exports[`MoveAppDialog Component renders MoveAppDialog component and matches null snapshot 1`] = `<DocumentFragment />`;

exports[`MoveAppDialog Component renders MoveAppDialog component and matches snapshot 1`] = `
<DocumentFragment>
  <div />
</DocumentFragment>
`;
